#-----------------------------------------------------------
# Vivado v2024.2.1 (64-bit)
# SW Build 5266912 on Sun Dec 15 09:03:24 MST 2024
# IP Build 5264866 on Sun Dec 15 16:27:47 MST 2024
# SharedData Build 5264680 on Wed Dec 11 12:48:36 MST 2024
# Start of session at: Sat Nov 15 01:34:20 2025
# Process ID         : 25512
# Current directory  : C:/Users/lenovo/Downloads/Vivado/STA/pin2reg_path/pin2reg_path.runs/synth_1
# Command line       : vivado.exe -log dig2an.vds -product Vivado -mode batch -messageDb vivado.pb -notrace -source dig2an.tcl
# Log file           : C:/Users/lenovo/Downloads/Vivado/STA/pin2reg_path/pin2reg_path.runs/synth_1/dig2an.vds
# Journal file       : C:/Users/lenovo/Downloads/Vivado/STA/pin2reg_path/pin2reg_path.runs/synth_1\vivado.jou
# Running On         : LAPTOP-8U727N7O
# Platform           : Windows Server 2016 or Windows 10
# Operating System   : 26200
# Processor Detail   : AMD Ryzen 5 5600H with Radeon Graphics         
# CPU Frequency      : 3294 MHz
# CPU Physical cores : 6
# CPU Logical cores  : 12
# Host memory        : 6287 MB
# Swap memory        : 11811 MB
# Total Virtual      : 18098 MB
# Available Virtual  : 5681 MB
#-----------------------------------------------------------
source dig2an.tcl -notrace
